// Jest Snapshot v1, https://goo.gl/fbAQLP

exports[`About.vue About View renders 1`] = `
<div class="about">
  <h1>Really simple boards with user stories as cards.</h1>
</div>
`;
